******************************************************************************
          TMS320C6x COFF Linker PC v5.1.0                      
******************************************************************************
>> Linked Tue Apr 23 15:46:30 2013

OUTPUT FILE NAME:   <./Debug/dsp_ap.out>
ENTRY POINT SYMBOL: "_c_int00"  address: 0001b780


MEMORY CONFIGURATION

                  name            origin    length      used    attr    fill
         ----------------------  --------  ---------  --------  ----  --------
         IRAM                    00000000   00030000  0001c21d  RWIX
         CACHE_L2                00030000   00010000  00000000  RWIX
         SDRAM                   80000000   01000000  00800000  RWIX


SECTION ALLOCATION MAP

 output                                  attributes/
section   page    origin      length       input sections
--------  ----  ----------  ----------   ----------------
.SDRAM$heap 
*          0    80000000    00800000     UNINITIALIZED

.prd       0    00000000    00000000     UNINITIALIZED

.sysdata   0    00000000    00000000     UNINITIALIZED

.sysregs   0    00000000    00000000     UNINITIALIZED

.data      0    00000000    00000000     UNINITIALIZED

.cio       0    00000000    00000000     UNINITIALIZED

frt        0    00000000    00000000     UNINITIALIZED

.udev      0    00000000    00000000     UNINITIALIZED

.dsm       0    00000000    00000000     UNINITIALIZED

.hwi       0    00000000    00000000     UNINITIALIZED

.gio       0    00000000    00000000     UNINITIALIZED

.hwi_vec   0    00000000    00000200     
                  00000000    00000200     dsp_apcfg.obj (.hwi_vec)

.text      0    00000200    00008ca0     
                  00000200    00001b40     c6x1x_edma_mcbsp.l67 : c6x1x_edma_mcbsp.o62 (.text)
                  00001d40    00000f40     pll.obj (.text)
                  00002c80    00000960     dsp_top.obj (.text)
                  000035e0    00000480     dsk6713bsl.lib : dsk6713.obj (.text)
                  00003a60    00000400     rts6700.lib : cos.obj (.text:_cos)
                  00003e60    000003e0     dsk6713_edma_aic23.l67 : dsk6713_edma_aic23.o64 (.text)
                  00004240    000003a0     rts6700.lib : sin.obj (.text:_sin)
                  000045e0    00000320                 : frcdivd.obj (.text:__frcdivd)
                  00004900    000002c0     drivers.a67 : dio_cbdynamic.o (.text)
                  00004bc0    000002c0     csl6713.lib : csl_cache.obj (.text:_CACHE_setL2Mode)
                  00004e80    000002a0                 : csl_cache.obj (.text:_CACHE_flush)
                  00005120    00000280     dsp_ap.obj (.text)
                  000053a0    00000280     csl6713.lib : csl_edma.obj (.text:_EDMA_open)
                  00005620    00000280     rts6700.lib : divd.obj (.text:__divd)
                  000058a0    00000240     dsk6713_edma_aic23.l67 : aic23.o64 (.text)
                  00005ae0    00000240     rts6700.lib : memcpy62.obj (.text:_memcpy)
                  00005d20    00000240     csl6713.lib : csl_cache.obj (.text:_CACHE_wait)
                  00005f60    00000220                 : csl.obj (.text:__CSL_init)
                  00006180    00000200     drivers.a67 : dio_cb.o67 (.text)
                  00006380    000001e0     biosi.a62 : gbl_cslpllinit6 (.text)
                  00006560    000001c0     csl6713.lib : csl_irq.obj (.text:_IRQ_map)
                  00006720    000001c0                 : csl_irq.obj (.text:_mux2Tables)
                  000068e0    000001a0                 : csl_mcbsp.obj (.text:_MCBSP_reset)
                  00006a80    000001a0                 : csl_edma.obj (.text:_EDMA_allocTable)
                  00006c20    000001a0     sin_tables.obj (.text)
                  00006dc0    00000180     csl6713.lib : csl_cache.obj (.text:_CACHE_clean)
                  00006f40    00000180     rts6700.lib : divf.obj (.text:__divf)
                  000070c0    00000140     csl6713.lib : csl_edma.obj (.text:_EDMA_reset)
                  00007200    00000140                 : csl_timer.obj (.text:_TIMER_open)
                  00007340    00000120                 : csl_timer.obj (.text:_TIMER_reset)
                  00007460    00000120                 : csl_edma.obj (.text:_EDMA_allocTableEx)
                  00007580    00000120     c6x1x_edma_mcbsp.l67 : c6x1x_edma_mcbsp.o62 (.text:init)
                  000076a0    00000100     rts6700.lib : frcdivf.obj (.text:__frcdivf)
                  000077a0    00000100     csl6713.lib : csl_edma.obj (.text:_EDMA_intAlloc)
                  000078a0    00000100                 : csl_mcbsp.obj (.text:_MCBSP_open)
                  000079a0    00000100                 : csl_cache.obj (.text:_CACHE_wbInvL1d)
                  00007aa0    00000100                 : csl_mcbsp.obj (.text:_MCBSP_start)
                  00007ba0    000000e0     rts6700.lib : round.obj (.text:__round)
                  00007c80    000000e0     csl6713.lib : csl_edma.obj (.text:_EDMA_config)
                  00007d60    000000e0     rts6700.lib : modf.obj (.text:_modf)
                  00007e40    000000e0     csl6713.lib : csl_edmadsptr.obj (.text:_EDMA_intDispatcher)
                  00007f20    000000e0     rts6700.lib : strasg.obj (.text:__strasg)
                  00008000    000000e0                 : exit.obj (.text:_atexit)
                  000080e0    000000c0     csl6713.lib : csl_edma.obj (.text:_EDMA_freeTableEx)
                  000081a0    000000c0     rts6700.lib : fixdi.obj (.text:__fixdi)
                  00008260    000000a0     csl6713.lib : csl_edma.obj (.text:_EDMA_close)
                  00008300    000000a0     rts6700.lib : fixfi.obj (.text:__fixfi)
                  000083a0    000000a0     csl6713.lib : csl_irq.obj (.text:__IRQ_init)
                  00008440    000000a0                 : csl_irq.obj (.text:_setMux)
                  000084e0    000000a0                 : csl_mcbsp.obj (.text:_MCBSP_config)
                  00008580    000000a0                 : csl_mcbsp.obj (.text:_MCBSP_close)
                  00008620    00000080                 : csl_edma.obj (.text:_EDMA_freeTable)
                  000086a0    00000060                 : csl_edma.obj (.text:_EDMA_intEnable)
                  00008700    00000060     rts6700.lib : fltif.obj (.text:__fltif)
                  00008760    00000060     csl6713.lib : csl_edma.obj (.text:_EDMA_disableChannel)
                  000087c0    00000060                 : csl_edma.obj (.text:_EDMA_enableChannel)
                  00008820    00000060                 : csl_edmadsptr.obj (.text:_EDMA_intHook)
                  00008880    00000060                 : csl_edma.obj (.text:_EDMA_intDisable)
                  000088e0    00000060                 : csl_timer.obj (.text:_TIMER_configArgs)
                  00008940    00000060     rts6700.lib : floor.obj (.text:_floor)
                  000089a0    00000060     drivers.a67 : dio.o67 (.text)
                  00008a00    00000060     csl6713.lib : csl_edma.obj (.text:_EDMA_qdmaConfig)
                  00008a60    00000040     rts6700.lib : trunc.obj (.text:__trunc)
                  00008aa0    00000040     csl6713.lib : csl_irq.obj (.text:_IRQ_enable)
                  00008ae0    00000040                 : csl_timer.obj (.text:_TIMER_start)
                  00008b20    00000040                 : csl_edma.obj (.text:_EDMA_link)
                  00008b60    00000040                 : csl_edma.obj (.text:_EDMA_intFree)
                  00008ba0    00000020     rts6700.lib : cvtfd.obj (.text:__cvtfd)
                  00008bc0    00000020                 : mpyd.obj (.text:__mpyd)
                  00008be0    00000020                 : mpyf.obj (.text:__mpyf)
                  00008c00    00000020                 : negd.obj (.text:__negd)
                  00008c20    00000020                 : addf.obj (.text:__addf)
                  00008c40    00000020     biosi.a62 : iom_stub.o62 (.text)
                  00008c60    00000020     rts6700.lib : subd.obj (.text:__subd)
                  00008c80    00000020                 : _lock.obj (.text:__register_lock)
                  00008ca0    00000020                 : addd.obj (.text:__addd)
                  00008cc0    00000020                 : cvtdf.obj (.text:__cvtdf)
                  00008ce0    00000020                 : _lock.obj (.text:__nop)
                  00008d00    00000020                 : _lock.obj (.text:__register_unlock)
                  00008d20    00000020     csl6713.lib : csl_irq.obj (.text:_IRQ_globalRestore)
                  00008d40    00000020                 : csl_edmadsptr.obj (.text:_EDMA_intDefaultHandler)
                  00008d60    00000020                 : csl_irq.obj (.text)
                  00008d80    00000020                 : csl_mcbsp.obj (.text:_MCBSP_getRcvAddr)
                  00008da0    00000020                 : csl_mcbsp.obj (.text:_MCBSP_getXmtAddr)
                  00008dc0    00000020                 : csl_irq.obj (.text:_IRQ_globalDisable)
                  00008de0    00000020                 : csl_mcbsp.obj (.text:_MCBSP_xrdy)
                  00008e00    00000020                 : csl_mcbsp.obj (.text:_MCBSP_xempty)
                  00008e20    00000020     rts6700.lib : cmpd.obj (.text:__cmpd)
                  00008e40    00000020     dsp_apcfg_c.obj (.text:CSL_cfgInit)
                  00008e60    00000020     csl6713.lib : csl_mcbsp.obj (.text:_MCBSP_write)
                  00008e80    00000020                 : csl_edma.obj (.text:_EDMA_intClear)

.IRAM$heap 
*          0    00008ea0    00008000     UNINITIALIZED

.bios      0    00010ea0    00005780     
                  00010ea0    000006e0     biosi.a62 : swi.o62 (.bios)
                  00011580    00000540     lnkrtdx.a62 : rtdx.o62 (.bios)
                  00011ac0    00000460     sioboth.a62 : sio_crea_both.o (.bios)
                  00011f20    00000440     biosi.a62 : hwi_disp_asm.o6 (.bios)
                  00012360    00000360     sioboth.a62 : sio_dele_both.o (.bios)
                  000126c0    00000320     biosi.a62 : prd.o62 (.bios)
                  000129e0    000002a0               : knl_run_inst.o6 (.bios)
                  00012c80    000002a0               : sem_pend_inst.o (.bios)
                  00012f20    00000280               : rta.o62 (.bios)
                  000131a0    00000280               : mem_allo_inst.o (.bios:.near)
                  00013420    00000260               : c62_plug.o62 (.bios)
                  00013680    00000260               : knl_tick_inst.o (.bios)
                  000138e0    00000240               : mem_free_inst.o (.bios:.near)
                  00013b20    00000220               : pip.o62 (.bios)
                  00013d40    00000220               : clk.o62 (.bios)
                  00013f60    00000200               : sem_dopo_inst.o (.bios)
                  00014160    00000200               : tsk_setu_inst.o (.bios)
                  00014360    000001e0               : tsk_exit_inst.o (.bios)
                  00014540    000001c0               : knl_swit_inst.o (.bios)
                  00014700    000001a0               : autoinit.o62 (.bios)
                  000148a0    00000160               : dev_init_inst.o (.bios)
                  00014a00    00000120               : dev_matc_inst.o (.bios)
                  00014b20    00000120               : tsk_stup_inst.o (.bios)
                  00014c40    00000120               : dev_mkfr_inst.o (.bios)
                  00014d60    00000100               : idl_cal.o62 (.bios)
                  00014e60    00000100               : knl_exit_inst.o (.bios)
                  00014f60    00000100               : gbl_cslcacheini (.bios)
                  00015060    00000100     sioboth.a62 : sio_issu_both.o (.bios)
                  00015160    00000100     biosi.a62 : obj_dele_inst.o (.bios)
                  00015260    00000100     sioboth.a62 : sio_recl_both.o (.bios)
                  00015360    00000100     biosi.a62 : knl_chec_inst.o (.bios)
                  00015460    000000e0               : obj_crea_inst.o (.bios)
                  00015540    000000e0               : sem_post_inst.o (.bios)
                  00015620    000000e0               : sem_post_asm_in (.bios)
                  00015700    000000c0               : knl_post_inst.o (.bios)
                  000157c0    000000c0               : mem_init_inst.o (.bios:.near)
                  00015880    000000c0               : mem_vall_inst.o (.bios:.near)
                  00015940    000000c0               : lck_inst.o62 (.bios)
                  00015a00    000000c0               : sys_exit_inst.o (.bios)
                  00015ac0    000000a0               : knl_ipos_inst.o (.bios)
                  00015b60    000000a0               : atm_inst.o62 (.bios)
                  00015c00    000000a0               : clk_start6x.o62 (.bios)
                  00015ca0    00000080               : hwi_disp.o62 (.bios)
                  00015d20    00000080               : swi_andn.o62 (.bios)
                  00015da0    00000080               : log.o62 (.bios)
                  00015e20    00000080               : gbl_cslinit62.o (.bios)
                  00015ea0    00000080               : idl_busy.o62 (.bios)
                  00015f20    00000080               : dev_rmfr_inst.o (.bios)
                  00015fa0    00000080               : fxn.o62 (.bios)
                  00016020    00000060               : que_crea_inst.o (.bios)
                  00016080    00000060               : sys_erro_inst.o (.bios:.near)
                  000160e0    00000060               : que_get_inst.o6 (.bios)
                  00016140    00000060               : tsk_init_inst.o (.bios)
                  000161a0    00000060               : sys_abor_inst.o (.bios)
                  00016200    00000060               : sts.o62 (.bios)
                  00016260    00000060               : trc_c.o62 (.bios)
                  000162c0    00000060               : hwi_c.o62 (.bios)
                  00016320    00000060               : utl_putc_inst.o (.bios)
                  00016380    00000060               : utl_doab_inst.o (.bios)
                  000163e0    00000060               : sem_pend_asm_in (.bios)
                  00016440    00000040               : idl_stub_inst.o (.bios)
                  00016480    00000040               : rta_andn.o62 (.bios)
                  000164c0    00000040               : swi_post.o62 (.bios)
                  00016500    00000020               : fxn_c.o62 (.bios)
                  00016520    00000020               : gbl_vers.o62 (.bios)
                  00016540    00000020               : utl_doer_inst.o (.bios)
                  00016560    00000020               : utl_halt_inst.o (.bios)
                  00016580    00000020               : sys_one_inst.o6 (.bios)
                  000165a0    00000020               : sts_set.o62 (.bios)
                  000165c0    00000020               : log_printf.o62 (.bios)
                  000165e0    00000020               : idl.o62 (.bios)
                  00016600    00000020               : obj_init_inst.o (.bios)

.far       0    00016620    00001da4     UNINITIALIZED
                  00016620    00001000     sin_tables.obj (.far)
                  00017620    0000083c     dsp_top.obj (.far)
                  00017e5c    0000019a     c6x1x_edma_mcbsp.l67 : c6x1x_edma_mcbsp.o62 (.far)
                  00017ff6    00000002     dsk6713bsl.lib : dsk6713.obj (.far)
                  00017ff8    000000f4     csl6713.lib : csl_irq.obj (.far)
                  000180ec    0000008c     rts6700.lib : exit.obj (.far)
                  00018178    0000007c     dsk6713_edma_aic23.l67 : dsk6713_edma_aic23.o64 (.far)
                  000181f4    00000054     csl6713.lib : csl_edma.obj (.far)
                  00018248    00000040                 : csl_edmadsptr.obj (.far)
                  00018288    00000040     rts6700.lib : cos.obj (.far)
                  000182c8    00000040                 : sin.obj (.far)
                  00018308    00000038     csl6713.lib : csl_mcbsp.obj (.far)
                  00018340    00000028                 : csl.obj (.far)
                  00018368    00000024                 : csl_timer.obj (.far)
                  0001838c    00000020     dsk6713_edma_aic23.l67 : aic23.o64 (.far)
                  000183ac    0000000c     biosi.a62 : utl_putc_inst.o (.far)
                  000183b8    00000008     rts6700.lib : _lock.obj (.far)
                  000183c0    00000004     csl6713.lib : csl_cache.obj (.far)

.mem       0    000183c4    00000004     UNINITIALIZED
                  000183c4    00000004     dsp_apcfg.obj (.mem)

.cinit     0    000183c8    00001254     
                  000183c8    0000069c     dsp_apcfg.obj (.cinit)
                  00018a64    00000004     --HOLE-- [fill = 0]
                  00018a68    000002dc     biosi.a62 : biosdata.o62 (.cinit)
                  00018d44    00000004     --HOLE-- [fill = 0]
                  00018d48    0000012c     csl6713.lib : csl_irq.obj (.cinit)
                  00018e74    00000004     --HOLE-- [fill = 0]
                  00018e78    000000a8     biosi.a62 : knl_inst.o62 (.cinit)
                  00018f20    00000090     dsk6713_edma_aic23.l67 : dsk6713_edma_aic23.o64 (.cinit)
                  00018fb0    00000070     csl6713.lib : csl_edma.obj (.cinit)
                  00019020    00000062     c6x1x_edma_mcbsp.l67 : c6x1x_edma_mcbsp.o62 (.cinit)
                  00019082    00000006     --HOLE-- [fill = 0]
                  00019088    0000005c     lnkrtdx.a62 : rtdx.o62 (.cinit)
                  000190e4    00000004     --HOLE-- [fill = 0]
                  000190e8    00000054     dsp_top.obj (.cinit)
                  0001913c    00000004     --HOLE-- [fill = 0]
                  00019140    00000054     csl6713.lib : csl_mcbsp.obj (.cinit)
                  00019194    00000004     --HOLE-- [fill = 0]
                  00019198    0000004c     biosi.a62 : tsk_inst.o62 (.cinit)
                  000191e4    00000004     --HOLE-- [fill = 0]
                  000191e8    0000004c               : rta.o62 (.cinit)
                  00019234    00000004     --HOLE-- [fill = 0]
                  00019238    0000004c     csl6713.lib : csl_timer.obj (.cinit)
                  00019284    00000004     --HOLE-- [fill = 0]
                  00019288    00000048                 : csl_edmadsptr.obj (.cinit)
                  000192d0    00000048     rts6700.lib : sin.obj (.cinit)
                  00019318    00000048                 : cos.obj (.cinit)
                  00019360    00000048     biosi.a62 : knl_inst.o62 (.cinit:c)
                  000193a8    0000003c     csl6713.lib : csl.obj (.cinit)
                  000193e4    00000004     --HOLE-- [fill = 0]
                  000193e8    0000002c     biosi.a62 : tsk_stup_inst.o (.cinit)
                  00019414    00000004     --HOLE-- [fill = 0]
                  00019418    0000002c               : utl_putc_inst.o (.cinit)
                  00019444    00000004     --HOLE-- [fill = 0]
                  00019448    0000002c     rts6700.lib : exit.obj (.cinit)
                  00019474    00000004     --HOLE-- [fill = 0]
                  00019478    00000028     dsk6713_edma_aic23.l67 : aic23.o64 (.cinit)
                  000194a0    00000024     sioboth.a62 : sio_both.o62 (.cinit)
                  000194c4    00000004     --HOLE-- [fill = 0]
                  000194c8    00000024     biosi.a62 : obj_init_inst.o (.cinit)
                  000194ec    00000004     --HOLE-- [fill = 0]
                  000194f0    00000024     drivers.a67 : dio_cbdynamic.o (.cinit)
                  00019514    00000004     --HOLE-- [fill = 0]
                  00019518    0000001c     biosi.a62 : hwi.o62 (.cinit)
                  00019534    00000004     --HOLE-- [fill = 0]
                  00019538    0000001c     rts6700.lib : _lock.obj (.cinit)
                  00019554    00000004     --HOLE-- [fill = 0]
                  00019558    00000018     biosi.a62 : knl_tick_inst.o (.cinit)
                  00019570    00000014               : hwi_disp.o62 (.cinit)
                  00019584    00000004     --HOLE-- [fill = 0]
                  00019588    00000010               : clk_start6x.o62 (.cinit)
                  00019598    00000010               : gbl.o62 (.cinit:c)
                  000195a8    00000010               : sys_inst.o62 (.cinit:c)
                  000195b8    00000010               : tsk_inst.o62 (.cinit:c)
                  000195c8    0000000c               : idl_busy.o62 (.cinit)
                  000195d4    00000004     --HOLE-- [fill = 0]
                  000195d8    0000000c     rtdx.lib : buffer1.o62 (.cinit)
                  000195e4    00000004     --HOLE-- [fill = 0]
                  000195e8    0000000c     biosi.a62 : que_crea_inst.o (.cinit)
                  000195f4    00000004     --HOLE-- [fill = 0]
                  000195f8    0000000c               : knl_swit_inst.o (.cinit)
                  00019604    00000004     --HOLE-- [fill = 0]
                  00019608    0000000c     csl6713.lib : csl_cache.obj (.cinit)
                  00019614    00000008     --HOLE-- [fill = 0]

.args      0    0001961c    00000004     
                  0001961c    00000004     --HOLE-- [fill = 00000000]

.rtdx_text 
*          0    00019620    00000cc0     
                  00019620    00000700     rtdx.lib : rtdx_mon.o62 (.rtdx_text)
                  00019d20    00000580              : buffer1.o62 (.rtdx_text)
                  0001a2a0    00000040              : intr_tgt.o62 (.rtdx_text)

.bss       0    0001a2e0    00000558     UNINITIALIZED
                  0001a2e0    00000134     biosi.a62 : biosdata.o62 (.bss)
                  0001a414    00000100               : hwi_disp_asm.o6 (.bss)
                  0001a514    000000e0               : knl_inst.o62 (.bss)
                  0001a5f4    000000b0     dsp_apcfg.obj (.bss)
                  0001a6a4    00000040     biosi.a62 : knl_inst.o62 (.bss:c)
                  0001a6e4    00000038               : tsk_inst.o62 (.bss)
                  0001a71c    00000024               : tsk_stup_inst.o (.bss)
                  0001a740    00000020               : sys_inst.o62 (.bss)
                  0001a760    0000001c               : obj_init_inst.o (.bss)
                  0001a77c    0000001c     drivers.a67 : dio_cbdynamic.o (.bss)
                  0001a798    0000001c     sioboth.a62 : sio_both.o62 (.bss)
                  0001a7b4    00000018     lnkrtdx.a62 : rtdx.o62 (.bss)
                  0001a7cc    00000010     biosi.a62 : knl_tick_inst.o (.bss)
                  0001a7dc    0000000c               : hwi_disp.o62 (.bss)
                  0001a7e8    0000000c     dsp_top.obj (.bss)
                  0001a7f4    0000000c     dsp_ap.obj (.bss)
                  0001a800    00000008     biosi.a62 : gbl.o62 (.bss:c)
                  0001a808    00000008               : clk_start6x.o62 (.bss)
                  0001a810    00000008               : tsk_inst.o62 (.bss:c)
                  0001a818    00000008               : hwi.o62 (.bss)
                  0001a820    00000008               : sys_inst.o62 (.bss:c)
                  0001a828    00000004               : gbl_cslinit62.o (.bss)
                  0001a82c    00000004               : mem_asm.o62 (.bss)
                  0001a830    00000004               : que_crea_inst.o (.bss)
                  0001a834    00000004               : idl_busy.o62 (.bss)

.rtdx_data 
*          0    0001a838    0000044c     UNINITIALIZED
                  0001a838    00000410     dsp_apcfg.obj (.rtdx_data)
                  0001ac48    00000020     rtdx.lib : buffer1.o62 (.rtdx_data)
                  0001ac68    0000001c              : rtdx_mon.o62 (.rtdx_data)

.stack     0    0001ac88    00000400     
                  0001ac88    00000400     --HOLE-- [fill = 00c0ffee]

.TSK_idle$stk 
*          0    0001b088    00000400     UNINITIALIZED
                  0001b088    00000400     dsp_apcfg.obj (.TSK_idle$stk)

.log       0    0001b488    00000018     
                  0001b488    00000018     dsp_apcfg.obj (.log)

.sysinit   0    0001b4a0    000003c0     
                  0001b4a0    000002e0     dsp_apcfg.obj (.sysinit)
                  0001b780    000000e0     biosi.a62 : boot.o62 (.sysinit)

.const     0    0001b860    000002d5     
                  0001b860    00000030     dsk6713_edma_aic23.l67 : dsk6713_edma_aic23.o64 (.const)
                  0001b890    00000020     dsk6713bsl.lib : dsk6713.obj (.const)
                  0001b8b0    00000020     csl6713.lib : csl_cache.obj (.const)
                  0001b8d0    00000018     c6x1x_edma_mcbsp.l67 : c6x1x_edma_mcbsp.o62 (.const)
                  0001b8e8    00000191     dsp_top.obj (.const)
                  0001ba79    0000002a     pll.obj (.const)
                  0001baa3    00000023     biosi.a62 : utl_doab_inst.o (.const)
                  0001bac6    00000022               : utl_doer_inst.o (.const)
                  0001bae8    00000020     dsp_apcfg.obj (.const)
                  0001bb08    00000020     biosi.a62 : dev_init_inst.o (.const)
                  0001bb28    00000004               : mem_allo_inst.o (.const)
                  0001bb2c    00000004     sioboth.a62 : sio_crea_both.o (.const)
                  0001bb30    00000004     biosi.a62 : mem_free_inst.o (.const)
                  0001bb34    00000001               : tsk_inst.o62 (.const)

.trace     0    0001bb35    00000200     
                  0001bb35    00000200     --HOLE-- [fill = 00000000]

.hst0      0    0001bd38    00000100     UNINITIALIZED
                  0001bd38    00000100     dsp_apcfg.obj (.hst0)

.pip       0    0001be38    000000c8     UNINITIALIZED
                  0001be38    000000c8     dsp_apcfg.obj (.pip)

.LOG_system$buf 
*          0    0001bf00    00000100     
                  0001bf00    00000100     dsp_apcfg.obj (.LOG_system$buf) [fill = ffffffff]

.tsk       0    0001c000    00000060     UNINITIALIZED
                  0001c000    00000060     dsp_apcfg.obj (.tsk)

.swi       0    0001c060    00000058     UNINITIALIZED
                  0001c060    00000058     dsp_apcfg.obj (.swi)

.devtable 
*          0    0001c0b8    00000048     UNINITIALIZED
                  0001c0b8    00000048     dsp_apcfg.obj (.devtable)

.sts       0    0001c100    00000040     
                  0001c100    00000040     dsp_apcfg.obj (.sts)

.hst       0    0001c140    0000002c     UNINITIALIZED
                  0001c140    0000002c     dsp_apcfg.obj (.hst)

.gblinit   0    0001c16c    00000028     
                  0001c16c    00000028     dsp_apcfg.obj (.gblinit)

.switch    0    0001c194    00000028     
                  0001c194    00000028     rtdx.lib : rtdx_mon.o62 (.switch)

.idl       0    0001c1bc    00000020     UNINITIALIZED
                  0001c1bc    00000010     dsp_apcfg.obj (.idl)
                  0001c1cc    00000010     dsp_apcfg.obj (.idlcal)

.hst1      0    0001c1dc    00000010     UNINITIALIZED
                  0001c1dc    00000010     dsp_apcfg.obj (.hst1)

.sys       0    0001c1ec    00000010     UNINITIALIZED
                  0001c1ec    00000010     dsp_apcfg.obj (.sys)

.trcdata   0    0001c1fc    0000000c     
                  0001c1fc    0000000c     dsp_apcfg.obj (.trcdata)

.pinit     0    0001c208    0000000c     
                  0001c208    00000004     rtdx.lib : rtdx_mon.o62 (.pinit)
                  0001c20c    00000004              : buffer1.o62 (.pinit)
                  0001c210    00000004     --HOLE-- [fill = 0]

.clk       0    0001c214    00000008     UNINITIALIZED
                  0001c214    00000008     dsp_apcfg.obj (.clk)

.dio       0    0001c21c    00000008     UNINITIALIZED
                  0001c21c    00000008     dsp_apcfg.obj (.dio)


GLOBAL SYMBOLS: SORTED ALPHABETICALLY BY Name 

address    name
--------   ----
0001a2e0   $bss
0001a2e0   .bss
00000000   .data
00000200   .text
0001b65c   BIOS$$CLKOFF
0001b62c   BIOS$$CLKON
0001b4a0   BIOS_init
0001b6d4   BIOS_start
00000000   BUF$
00000001   BUF_ENABLED
ffffffff   CACHE_L2
00000001   CLK$
0001c214   CLK_A_TABBEG
0001c21c   CLK_A_TABEND
00000008   CLK_A_TABLEN
0000dbba   CLK_COUNTSPMS
00000000   CLK_COUNTSPMSHIGH
0001a308   CLK_D_idletime
0001a304   CLK_D_isrhook
0001a300   CLK_D_tabbeg
0001a2fc   CLK_D_timefxn
00013d40   CLK_F_getfhtime
00013d60   CLK_F_gethtime
00013dd4   CLK_F_getltime
00013d60   CLK_F_getshtime
00013de0   CLK_F_isr
00013f1c   CLK_F_itime
00011f20   CLK_HOOKFXN
00004000   CLK_INTBIT
0000dbba   CLK_PRD
00000000   CLK_PRDHIGH
01940000   CLK_REGS
0001a2f8   CLK_R_time
00000020   CLK_TCR
00000000   CLK_TDDR
00000000   CLK_TDDRHIGH
00013d60   CLK_TIMEFXN
00000000   CLK_TIMERNUM
00000001   CLK_USETIMER
0001c218   CLK_null
00000000   DEV$
00000000   DGN$
00000000   DHL$
00000000   DHL_gChannelsAvailable
00000001   DIO$
00000000   DIO_NUMSWIBASE
00000000   DIO_NUMTSKBASE
00000000   DIO_STATIC
0001c0e8   DIO_dioCodec$device
0001c0dc   DIO_dioCodec$obj
00000000   DPI$
00015fa0   FXN_F_nop
00015fa8   FXN_F_run
00015ff8   FXN_F_zero
00000001   GBL$
00000490   GBL_A_VERSION
00000000   GBL_BIGENDIAN
00000000   GBL_C641XL2PRIORITY
00000000   GBL_CACHE
00000001   GBL_CALLCSLCFGINIT
00000001   GBL_ENABLEINST
00000042   GBL_FOOTPRINT
00016520   GBL_F_version
00002226   GBL_L2ALLOC
00000000   GBL_L2CONFIGALLOC
00000001   GBL_L2CONFIGURE
00000001   GBL_L2MARMASK
00000000   GBL_L2MARMASK1
00000000   GBL_L2MARMASK2
00000000   GBL_L2MARMASK3
00000000   GBL_L2MARMASK4
00000000   GBL_L2MARMASK5
00000007   GBL_L2MODE
00000000   GBL_L2PRIORITY
00000000   GBL_NULL
00000000   GBL_ROM
00000001   GBL_SUPPORTCSL
0000dbef   GBL_TRCMASKVALUE
00000001   GBL_USERINIT
000063a8   GBL_USERINITFXN
00000001   GBL_boot
0001c204   GBL_initdone
0001ac88   GBL_stackbeg
0001b087   GBL_stackend
00000000   GIO$
00016500   GIO_CREATEFXN
00016500   GIO_DELETEFXN
00016500   GIO_PENDFXN
00016500   GIO_POSTFXN
00000000   HOOK$
00000000   HOOK_KNLID
00000001   HST$
0001c140   HST_A_TABBEG
0001c16c   HST_A_TABEND
00000002   HST_A_TABLEN
00000000   HST_DSM
0001a610   HST_DSMBUFSEG
00000400   HST_DSMMEMSIZE
0001a3f8   HST_D_chanmask
00000100   HST_MAXFRAMEALLOWED
00000040   HST_MAXFRAMESET
00000000   HST_NONE
00000001   HST_RTDX
00000001   HWI$
00000000   HWI_A_VECS
0001a818   HWI_D_ccmask
00011f20   HWI_F_dispatch
00000000   HWI_GENERATE_RESET_VEC
0000000a   HWI_INT10
0000000b   HWI_INT11
0000000c   HWI_INT12
0000000d   HWI_INT13
0000000e   HWI_INT14
0000000f   HWI_INT15
00000004   HWI_INT4
00000005   HWI_INT5
00000006   HWI_INT6
00000007   HWI_INT7
00000008   HWI_INT8
00000009   HWI_INT9
082039a3   HWI_INTRMULTHIGH
310718a4   HWI_INTRMULTLOW
00000001   HWI_NMI
00000000   HWI_POLARITYMASK
00000002   HWI_RESERVED0
00000003   HWI_RESERVED1
00000000   HWI_RESET
00000001   HWI_ZEROTAB
00000001   IDL$
0001c1cc   IDL_A_CALBEG
0001c1dc   IDL_A_CALEND
00000002   IDL_A_CALLEN
0001c1bc   IDL_A_TABBEG
0001c1cc   IDL_A_TABEND
00000002   IDL_A_TABLEN
00016440   IDL_CALIBRFXN
0001a834   IDL_D_busyObj
0001a2e8   IDL_D_calbeg
0001a2e4   IDL_D_calibrate
0001a2e0   IDL_D_tabbeg
0001c1c8   IDL_END
0001c1d8   IDL_END$
00015ea0   IDL_F_busy
00014d60   IDL_F_calibrate
000165e0   IDL_F_loop
00016440   IDL_F_stub
00000001   IDL_USECLKIDLTIME
0001c134   IDL_busyObj
0001c130   IDL_busyObj$stsobj
0001c1c4   IDL_cpuLoad
0001c1d4   IDL_cpuLoad$
0001a610   IRAM
00008ea0   IRAM$B
00008000   IRAM$L
00000001   ISRC$
000146c0   KNL_glue
0001c060   KNL_swi
0001c104   KNL_swi$sts
0001c100   KNL_swi$sts$stsobj
00000001   LCK$
00011580   LNK_F_checkBufferCall
000115f4   LNK_F_dataPump
000115a0   LNK_F_getChanPtr
000115ec   LNK_F_init
00011a98   LNK_F_readCallBack
0001c1bc   LNK_dataPump
0001c1cc   LNK_dataPump$
0001a7b8   LNK_dspFrameReadyMask
0001a7b4   LNK_dspFrameRequestMask
00011848   LNK_newin
00011958   LNK_newout
00011600   LNK_rcloop
000116b0   LNK_rdrtry
0001a7c0   LNK_readDone
0001a7c4   LNK_readFail
0001a7bc   LNK_readPend
000116b8   LNK_rrloop
0001a7c8   LNK_writeFail
00011778   LNK_wrloop
00011770   LNK_wrrtry
00000001   LOG$
0001b488   LOG_A_TABBEG
0001b4a0   LOG_A_TABEND
00000001   LOG_A_TABLEN
0001a2ec   LOG_D_system
00000001   LOG_ENABLED
00015da0   LOG_F_event
0001b488   LOG_system
0001bf00   LOG_system$buf
00000040   LOG_system$size
00000000   MBX$
00000001   MEM$
0001a610   MEM_MALLOCSEG
00000000   MEM_NULL
0001a610   MEM_SEGZERO
00000002   MEM_gNumHeap
00000000   OBJ$
00000000   PIP$
0001be38   PIP_A_TABBEG
0001bf00   PIP_A_TABEND
00000002   PIP_A_TABLEN
0001a2f0   PIP_D_tabbeg
0001a2f4   PIP_D_tablen
00013bb4   PIP_F_give
00013bb4   PIP_F_probe
00013c88   PIP_F_start
00013b20   PIP_F_take
00000000   PIP_gNextId
00000002   PIP_gNumEmbed
00000001   PRD$
00000000   PRD_A_TABBEG
00000000   PRD_A_TABEND
00000000   PRD_A_TABLEN
0001a3b4   PRD_D_cur
0001a3b8   PRD_D_elapsed
0001a3bc   PRD_D_prevtim
0001a3c0   PRD_D_scalar
0001a3c4   PRD_D_swihandle
0001a3c8   PRD_D_tabbeg
0001a3cc   PRD_D_tablen
0001a3d0   PRD_D_thook
0001a3b0   PRD_D_tick
000126c0   PRD_F_swi
0001291c   PRD_F_tick
00004000   PRD_SCALAR
00000000   PRD_SWIHANDLE
000138b8   PRD_THOOKFXN
0001c214   PRD_clock
00000001   QUE$
0001a3d4   RTA_D_fromHost
0001a3dc   RTA_D_logval
0001a3ec   RTA_D_stsval
0001a3d8   RTA_D_toHost
00016480   RTA_F_andn
00013018   RTA_F_dispatch
00012f20   RTA_F_getlog
00012f64   RTA_F_getsts
000164a0   RTA_F_or
00012fac   RTA_F_readblk
00012fd8   RTA_F_resetmem
00012fcc   RTA_F_writeword
0001c1c0   RTA_dispatcher
0001c1d0   RTA_dispatcher$
00013058   RTA_execute
0001c144   RTA_fromHost
0001c1dc   RTA_fromHost$buf
0001be38   RTA_fromHost$pipe
0001be68   RTA_fromHost$pipe$aaa
0001be98   RTA_fromHost$pipe$bbb
0001a618   RTA_fromHost$pipe$dtab
0001be3c   RTA_fromHost$pipe$rd
0001be6c   RTA_fromHost$pipe$wr
0001c14c   RTA_fromHost$rtdx
0001c158   RTA_toHost
0001bd38   RTA_toHost$buf
0001be9c   RTA_toHost$pipe
0001becc   RTA_toHost$pipe$aaa
0001befc   RTA_toHost$pipe$bbb
0001a624   RTA_toHost$pipe$dtab
0001bea0   RTA_toHost$pipe$rd
0001bed0   RTA_toHost$pipe$wr
0001c160   RTA_toHost$rtdx
00000001   RTDX$
00000408   RTDX_BUFMEMSIZE
0001a610   RTDX_DATAMEMSEG
00000001   RTDX_NORMALIZED_HDR
00000001   RTDX_USERTDX
00000000   RTDX_USERTEXECUTION
0001a614   SDRAM
80000000   SDRAM$B
00800000   SDRAM$L
00000000   SEM$
00000000   SIO$
00000001   STS$
0001c100   STS_A_TABBEG
0001c140   STS_A_TABEND
00000004   STS_A_TABLEN
00016210   STS_F_add
00016200   STS_F_delta
0001623c   STS_F_reset
00000001   SWI$
0001c060   SWI_A_TABBEG
0001c0b8   SWI_A_TABEND
00000002   SWI_A_TABLEN
0001a318   SWI_D_curfxn
0001a30c   SWI_D_curmask
0001a31c   SWI_D_curmbox
0001a310   SWI_D_curset
0001a334   SWI_D_ehook
0001a324   SWI_D_execaddr
0001a330   SWI_D_ihook
0001a320   SWI_D_lock
0001a314   SWI_D_pending
0001a32c   SWI_D_rdybeg
0001a338   SWI_D_rdytab
0001a328   SWI_D_runaddr
00000000   SWI_EHOOKFXN
0001113c   SWI_EXECFXN
00010ea0   SWI_F_enable
000110c4   SWI_F_exec
0001113c   SWI_F_iexec
00010f2c   SWI_F_post
00011310   SWI_F_run
00000000   SWI_IHOOKFXN
00011310   SWI_RUNFXN
00000001   SYS$
0001c1ec   SYS$config
00016380   SYS_ABORTFXN
00016540   SYS_ERRORFXN
00016560   SYS_EXITFXN
00016320   SYS_PUTCFXN
0001c200   TRC_R_mask
0001c1fc   TRC_cinit
00000001   TSK$
00000000   TSK_NUM_HOOKS
00000001   TSK_PRIORITY
00000000   TSK_READYFXN
0001a610   TSK_STACKSEG
00000400   TSK_STACKSIZE
00000000   TSK_SWITCHFXN
00016500   TSK_VCREATEFXN
00016500   TSK_VDELETEFXN
00016500   TSK_VEXITFXN
0001c00c   TSK_idle
0001b088   TSK_idle$stack
0001b420   TSK_idle$stkptr
0001c124   TSK_idle$sts
0001c120   TSK_idle$sts$stsobj
00000001   UDEV$
0001c0c4   UDEV_udevCodec$device
0001c0b8   UDEV_udevCodec$obj
000058a0   _AIC23_setParams
00015b60   _ATM_andi
00015b60   _ATM_andu
00015b80   _ATM_cleari
00015b80   _ATM_clearu
00015b98   _ATM_deci
00015b98   _ATM_decu
00015bb4   _ATM_inci
00015bb4   _ATM_incu
00015bd0   _ATM_ori
00015bd0   _ATM_oru
00015bec   _ATM_seti
00015bec   _ATM_setu
0001b4a0   _BIOS_init
0001b6d4   _BIOS_start
0001342c   _C62_dispatchPlug
00013420   _C62_plug
00017fd4   _C6X1X_EDMA_MCBSP_FXNS
00007580   _C6X1X_EDMA_MCBSP_init
ffffffff   _CACHE_L2
00006dc0   _CACHE_clean
00004e80   _CACHE_flush
00004bc0   _CACHE_setL2Mode
00005d20   _CACHE_wait
000079a0   _CACHE_wbInvL1d
0000dbba   _CLK_COUNTSPMS
00013f1c   _CLK_F_itime
0000dbba   _CLK_PRD
01940000   _CLK_REGS
00000000   _CLK_TDDR
00000000   _CLK_TIMERNUM
00000001   _CLK_USETIMER
00013f1c   _CLK_itime
00015c00   _CLK_start
00015c00   _CLK_start6x
00008e40   _CSL_cfgInit
0001a694   _DEV_D_devinit
0001a68c   _DEV_devinit
000148a0   _DEV_init
00014a00   _DEV_match
00014c40   _DEV_mkframe
00015f20   _DEV_rmframe
00006180   _DIO_cbCallback
0001a77c   _DIO_cbDynamicFxns
000061f0   _DIO_cbIdle
000061fc   _DIO_cbIssue
000062d4   _DIO_cbReady
000062f4   _DIO_cbReclaim
000089a0   _DIO_ctrl
000089ec   _DIO_init
00018180   _DSK6713_EDMA_AIC23_DEVPARAMS
000181bc   _DSK6713_EDMA_AIC23_FXNS
0000418c   _DSK6713_EDMA_AIC23_init
000039f4   _DSK6713_getVersion
0000362c   _DSK6713_init
00003948   _DSK6713_rget
0000395c   _DSK6713_rset
00017ff6   _DSK6713_version
00003970   _DSK6713_wait
000039c8   _DSK6713_waitusec
00006a80   _EDMA_allocTable
00007460   _EDMA_allocTableEx
00008260   _EDMA_close
00007c80   _EDMA_config
00008760   _EDMA_disableChannel
000087c0   _EDMA_enableChannel
00008620   _EDMA_freeTable
000080e0   _EDMA_freeTableEx
000077a0   _EDMA_intAlloc
00008e80   _EDMA_intClear
00008d40   _EDMA_intDefaultHandler
00008880   _EDMA_intDisable
00007e40   _EDMA_intDispatcher
000086a0   _EDMA_intEnable
00008b60   _EDMA_intFree
00008820   _EDMA_intHook
00008b20   _EDMA_link
000053a0   _EDMA_open
00008a00   _EDMA_qdmaConfig
000070c0   _EDMA_reset
00016500   _FXN_F_nop
00015fa8   _FXN_F_run
00015ff8   _FXN_F_zero
00000000   _GBL_CACHE
00014f60   _GBL_cslCacheInit
00015e20   _GBL_cslInit
0001a828   _GBL_cslTimerHandle
0001a800   _GBL_irqEventTable
0001a804   _GBL_irqIntTable
000063a8   _GBL_setPLLto225MHz
0001c140   _HST_A_TABBEG
0001c16c   _HST_A_TABEND
00000002   _HST_A_TABLEN
0001a7dc   _HWI_ATTRS
0001a81c   _HWI_D_spsave
00011f20   _HWI_F_dispatch
0000000a   _HWI_INT10
0000000b   _HWI_INT11
0000000c   _HWI_INT12
0000000d   _HWI_INT13
0000000e   _HWI_INT14
0000000f   _HWI_INT15
00000004   _HWI_INT4
00000005   _HWI_INT5
00000006   _HWI_INT6
00000007   _HWI_INT7
00000008   _HWI_INT8
00000009   _HWI_INT9
00000001   _HWI_NMI
00000002   _HWI_RESERVED0
00000003   _HWI_RESERVED1
00000000   _HWI_RESET
0001b080   _HWI_STKBOTTOM
0001ac88   _HWI_STKTOP
000162c0   _HWI_disable
00015ca0   _HWI_dispatchPlug
0001a414   _HWI_dispatchTab
000162d8   _HWI_enable
000162ec   _HWI_restore
0001c134   _IDL_busyObj
0001c1c4   _IDL_cpuLoad
000165e0   _IDL_loop
00008c40   _IOM_mdNotImpl
0001a610   _IRAM
00008ea0   _IRAM_base
00008000   _IRAM_length
00008aa0   _IRQ_enable
00008dc0   _IRQ_globalDisable
00008d20   _IRQ_globalRestore
00006560   _IRQ_map
0001a6ac   _KNL_alarm
00015360   _KNL_check
0001a6cc   _KNL_curqueue
0001a6c0   _KNL_curtask
0001a6c8   _KNL_curtime
0001a5b4   _KNL_dummy
00014e60   _KNL_enter
00014ef0   _KNL_exit
00015410   _KNL_idle
0001a5f0   _KNL_idlefxn
0001a6b4   _KNL_inactive
00015ac0   _KNL_ipost
0001542c   _KNL_max
0001a6d0   _KNL_maxqueue
00015700   _KNL_post
0001a6c4   _KNL_prevtask
0001a6b8   _KNL_priority
0001a514   _KNL_queues
000129e0   _KNL_run
00014540   _KNL_saveIsrFrame
0001a6bc   _KNL_set
0001a6b0   _KNL_setpri
0001c060   _KNL_swi
0001a5ec   _KNL_swiptr
0001460c   _KNL_switch
0001a6d8   _KNL_tcreatefxn
0001a6dc   _KNL_tdeletefxn
000138b8   _KNL_tick
0001a6e0   _KNL_treadyfxn
0001a6d4   _KNL_tswitchfxn
0001a6a4   _KNL_wFlag
0001a6a8   _KNL_wList
0001598c   _LCK_pend
00015940   _LCK_post
0001c1bc   _LNK_dataPump
0001b488   _LOG_A_TABBEG
0001b4a0   _LOG_A_TABEND
00000001   _LOG_A_TABLEN
0001a2ec   _LOG_D_system
00015da0   _LOG_event
000165c0   _LOG_printf
0001b488   _LOG_system
00008580   _MCBSP_close
000084e0   _MCBSP_config
00008d80   _MCBSP_getRcvAddr
00008da0   _MCBSP_getXmtAddr
000078a0   _MCBSP_open
000068e0   _MCBSP_reset
00007aa0   _MCBSP_start
00008e60   _MCBSP_write
00008e00   _MCBSP_xempty
00008de0   _MCBSP_xrdy
0001a82c   _MEM
0001a3fc   _MEM_D_NUMSEGMENTS
0001a404   _MEM_D_freelist
0001a408   _MEM_D_lockaddr
0001a400   _MEM_D_memtab
0001a40c   _MEM_D_unlockaddr
000131a0   _MEM_alloc
000138e0   _MEM_free
000157c0   _MEM_init
0001a5f4   _MEM_memtab
00015880   _MEM_valloc
00015460   _OBJ_create
00015160   _OBJ_delete
00016600   _OBJ_init
0001a760   _OBJ_segtab
0001a630   _OBJ_table
0001be38   _PIP_A_TABBEG
0001bf00   _PIP_A_TABEND
00000002   _PIP_A_TABLEN
0001a3b0   _PRD_D_tick
0001c214   _PRD_clock
0001a830   _QUE_ATTRS
00016020   _QUE_create
000160e0   _QUE_get
00016108   _QUE_put
0001c1c0   _RTA_dispatcher
0001c144   _RTA_fromHost
0001c158   _RTA_toHost
0001a838   _RTDX_Buffer
0001ac44   _RTDX_Buffer_End
00019d20   _RTDX_Buffer_Initialize
0001a248   _RTDX_Buffer_Read
0001ac40   _RTDX_Buffer_Start
0001a020   _RTDX_Buffer_Write
000196c8   _RTDX_Final_RT_Monitor
00019640   _RTDX_Init_RT_Monitor
000196f0   _RTDX_IsFlowEnabled
00000002   _RTDX_JTAGONLY
0001a2a0   _RTDX_Mask_IER
00019bb8   _RTDX_Mon_Queue
00019704   _RTDX_Poll
0001a2b8   _RTDX_Set_IER
00000000   _RTDX_interrupt_mask
0001ac54   _RTDX_writing
0001a614   _SDRAM
80000000   _SDRAM_base
00800000   _SDRAM_length
000163e0   _SEM_pend
00012c80   _SEM_pendEnterKnl
00015620   _SEM_post
00015540   _SEM_postEnterKnl
00006c20   _SIN_init
0001a798   _SIO_ATTRS
00011ac0   _SIO_create
00012360   _SIO_delete
00015060   _SIO_issue
00015260   _SIO_reclaim
0001c100   _STS_A_TABBEG
0001c140   _STS_A_TABEND
00000004   _STS_A_TABLEN
00016210   _STS_add
00016200   _STS_delta
0001623c   _STS_reset
000165a0   _STS_set
0001a318   _SWI_D_curfxn
0001a30c   _SWI_D_curmask
0001a320   _SWI_D_lock
0001a32c   _SWI_D_rdybeg
00015d20   _SWI_andn
00015d20   _SWI_andnHook
000164c0   _SWI_post
0001a410   _SYS
0001bb35   _SYS_PUTCBEG
0001bd34   _SYS_PUTCEND
000161a0   _SYS_abort
00016080   _SYS_error
00015a00   _SYS_exit
0001a740   _SYS_exitStack
0001a820   _SYS_exitStackPtr
0001a824   _SYS_exitStackTop
00016580   _SYS_one
0001658c   _SYS_zero
000088e0   _TIMER_configArgs
00007200   _TIMER_open
00007340   _TIMER_reset
00008ae0   _TIMER_start
0001c200   _TRC_R_mask
00016260   _TRC_disable
00016280   _TRC_enable
0001629c   _TRC_query
0001a688   _TSK
0001a6e4   _TSK_ATTRS
00014360   _TSK_exit
0001c00c   _TSK_idle
00016140   _TSK_init
0001a810   _TSK_nTasks
0001a814   _TSK_pid
00014160   _TSK_setup
00014b54   _TSK_startup
0001a700   _TSK_timerSem
00016380   _UTL_doAbort
00016540   _UTL_doError
00016320   _UTL_doPutc
00016560   _UTL_halt
00013f30   __CLK_lat1beg
00013f5c   __CLK_lat1end
00005f60   __CSL_init
0001a69c   __DEV_D_NUMINITFXNS
0001a698   __DEV_NUMINITFXNS
0001a6a0   __HOOK_NUMHOOKS
0001a60c   __HOOK_knlId
00011f20   __HWI_lat1beg
000120cc   __HWI_lat1end
000120cc   __HWI_lat2beg
0001225c   __HWI_lat2end1
000121e8   __HWI_lat2end2
000122a4   __HWI_lat3beg
0001234c   __HWI_lat3end1
00012220   __HWI_lat3end2
00015ea0   __IDL_lat1beg
00015ef0   __IDL_lat1end
000180e4   __IRQ_dispatchTable
00018020   __IRQ_eventTable
00008d60   __IRQ_hookFetchPacket
000083a0   __IRQ_init
000180a4   __IRQ_intTable
00015394   __KNL_lat1beg
00015410   __KNL_lat1end
00015da0   __LOG_lat1beg
00015de4   __LOG_lat1end1
00015e10   __LOG_lat1end2
00018338   __MCBSP_hDev0
0001833c   __MCBSP_hDev1
000160e0   __QUE_lat1beg
00016100   __QUE_lat1end
00016108   __QUE_lat2beg
00016120   __QUE_lat2end
00012fd8   __RTA_lat1beg
00013010   __RTA_lat1end
00013f60   __SEM_dopost
00000400   __STACK_SIZE
00011034   __SWI_lat1beg
000110c0   __SWI_lat1end1
0001117c   __SWI_lat1end2
00011220   __SWI_lat2beg
0001130c   __SWI_lat2end2
00010ea0   __SWI_lat3beg
00010f28   __SWI_lat3end
00018368   __TIMER_deviceTable
00018388   __TIMER_hBios
00018380   __TIMER_hDev0
00018384   __TIMER_hDev1
0001a71c   __TSK_mutex
ffffffff   ___binit__
0001a2e0   ___bss__
0001961c   ___c_args__
000183c8   ___cinit__
00000000   ___data__
00000000   ___edata__
0001a838   ___end__
00008ea0   ___etext__
0001c208   ___pinit__
00000200   ___text__
00008ca0   __addd
00008c20   __addf
00014700   __auto_init
00018170   __cleanup_ptr
00008e20   __cmpd
00008cc0   __cvtdf
00008ba0   __cvtfd
00005620   __divd
00006f40   __divf
00018174   __dtors_ptr
000081a0   __fixdi
00008300   __fixfi
00008700   __fltif
000045e0   __frcdivd
000076a0   __frcdivf
000183b8   __lock
00008bc0   __mpyd
00008be0   __mpyf
00008c00   __negd
00008ce0   __nop
00008c80   __register_lock
00008d00   __register_unlock
00007ba0   __round
0001ac88   __stack
00007f20   __strasg
00008c60   __subd
00008a60   __trunc
000183bc   __unlock
00017620   _aic23param
00008000   _atexit
0001b780   _c_int00
00003a60   _cos
00016e20   _cos_table
00005120   _dsp_init
00005244   _dsp_process
00002c80   _flash_error
00008940   _floor
0001a7e8   _inStream
00002d38   _init
000030dc   _io
000035a0   _main
00005ae0   _memcpy
00007d60   _modf
0001a7ec   _outStream
00002384   _pll
0001a7f4   _pll1
00001d40   _pll_init
0001a7f8   _plld
0001a7fc   _pllh
0001ac48   _rtdx_buffer_state
0001ac68   _rtdx_mon_state
00004240   _sin
00016620   _sin_table
0001c08c   _swiEcho
00018208   _tccAllocTable
00006380   _wait500nS
ffffffff   binit
000183c8   cinit
00000000   edata
0001a838   end
00008ea0   etext
00000000   hwi0
00000020   hwi1
00000140   hwi10
00000160   hwi11
00000180   hwi12
000001a0   hwi13
000001c0   hwi14
000001e0   hwi15
00000040   hwi2
00000060   hwi3
00000080   hwi4
000000a0   hwi5
000000c0   hwi6
000000e0   hwi7
00000100   hwi8
00000120   hwi9
0001c208   pinit
0001c08c   swiEcho
0001c114   swiEcho$sts
0001c110   swiEcho$sts$stsobj


GLOBAL SYMBOLS: SORTED BY Symbol Address 

address    name
--------   ----
00000000   ___data__
00000000   _RTDX_interrupt_mask
00000000   GBL_ROM
00000000   GBL_L2PRIORITY
00000000   GBL_NULL
00000000   GIO$
00000000   HST_DSM
00000000   HST_NONE
00000000   HOOK_KNLID
00000000   _HWI_RESET
00000000   HOOK$
00000000   GBL_L2MARMASK5
00000000   GBL_C641XL2PRIORITY
00000000   GBL_CACHE
00000000   GBL_BIGENDIAN
00000000   DIO_STATIC
00000000   DPI$
00000000   ___edata__
00000000   GBL_L2MARMASK3
00000000   GBL_L2MARMASK4
00000000   GBL_L2MARMASK2
00000000   GBL_L2CONFIGALLOC
00000000   GBL_L2MARMASK1
00000000   HWI_A_VECS
00000000   MBX$
00000000   MEM_NULL
00000000   PRD_SWIHANDLE
00000000   SEM$
00000000   RTDX_USERTEXECUTION
00000000   PRD_A_TABLEN
00000000   PRD_A_TABBEG
00000000   PIP_gNextId
00000000   PRD_A_TABEND
00000000   OBJ$
00000000   PIP$
00000000   SIO$
00000000   _GBL_CACHE
00000000   _CLK_TIMERNUM
00000000   HWI_RESET
00000000   HWI_GENERATE_RESET_VEC
00000000   HWI_POLARITYMASK
00000000   _CLK_TDDR
00000000   SWI_IHOOKFXN
00000000   SWI_EHOOKFXN
00000000   TSK_NUM_HOOKS
00000000   TSK_SWITCHFXN
00000000   TSK_READYFXN
00000000   BUF$
00000000   DGN$
00000000   DHL_gChannelsAvailable
00000000   DHL$
00000000   CLK_TDDR
00000000   CLK_COUNTSPMSHIGH
00000000   CLK_TIMERNUM
00000000   DEV$
00000000   CLK_TDDRHIGH
00000000   .data
00000000   hwi0
00000000   CLK_PRDHIGH
00000000   DIO_NUMTSKBASE
00000000   DIO_NUMSWIBASE
00000000   edata
00000001   TSK_PRIORITY
00000001   STS$
00000001   CLK$
00000001   _LOG_A_TABLEN
00000001   SYS$
00000001   TSK$
00000001   HST$
00000001   SWI$
00000001   HWI$
00000001   HST_RTDX
00000001   IDL$
00000001   HWI_NMI
00000001   HWI_ZEROTAB
00000001   IDL_USECLKIDLTIME
00000001   UDEV$
00000001   _HWI_NMI
00000001   LCK$
00000001   ISRC$
00000001   _CLK_USETIMER
00000001   GBL_L2CONFIGURE
00000001   QUE$
00000001   GBL_L2MARMASK
00000001   CLK_USETIMER
00000001   RTDX$
00000001   GBL_ENABLEINST
00000001   GBL$
00000001   PRD$
00000001   MEM$
00000001   GBL_CALLCSLCFGINIT
00000001   DIO$
00000001   LOG_ENABLED
00000001   LOG$
00000001   GBL_SUPPORTCSL
00000001   GBL_USERINIT
00000001   GBL_boot
00000001   BUF_ENABLED
00000001   RTDX_NORMALIZED_HDR
00000001   LOG_A_TABLEN
00000001   RTDX_USERTDX
00000002   PIP_A_TABLEN
00000002   MEM_gNumHeap
00000002   IDL_A_CALLEN
00000002   HWI_RESERVED0
00000002   _HWI_RESERVED0
00000002   PIP_gNumEmbed
00000002   _RTDX_JTAGONLY
00000002   _PIP_A_TABLEN
00000002   SWI_A_TABLEN
00000002   _HST_A_TABLEN
00000002   IDL_A_TABLEN
00000002   HST_A_TABLEN
00000003   HWI_RESERVED1
00000003   _HWI_RESERVED1
00000004   STS_A_TABLEN
00000004   _HWI_INT4
00000004   _STS_A_TABLEN
00000004   HWI_INT4
00000005   _HWI_INT5
00000005   HWI_INT5
00000006   HWI_INT6
00000006   _HWI_INT6
00000007   _HWI_INT7
00000007   GBL_L2MODE
00000007   HWI_INT7
00000008   _HWI_INT8
00000008   HWI_INT8
00000008   CLK_A_TABLEN
00000009   _HWI_INT9
00000009   HWI_INT9
0000000a   _HWI_INT10
0000000a   HWI_INT10
0000000b   _HWI_INT11
0000000b   HWI_INT11
0000000c   HWI_INT12
0000000c   _HWI_INT12
0000000d   HWI_INT13
0000000d   _HWI_INT13
0000000e   HWI_INT14
0000000e   _HWI_INT14
0000000f   HWI_INT15
0000000f   _HWI_INT15
00000020   CLK_TCR
00000020   hwi1
00000040   LOG_system$size
00000040   hwi2
00000040   HST_MAXFRAMESET
00000042   GBL_FOOTPRINT
00000060   hwi3
00000080   hwi4
000000a0   hwi5
000000c0   hwi6
000000e0   hwi7
00000100   HST_MAXFRAMEALLOWED
00000100   hwi8
00000120   hwi9
00000140   hwi10
00000160   hwi11
00000180   hwi12
000001a0   hwi13
000001c0   hwi14
000001e0   hwi15
00000200   ___text__
00000200   .text
00000400   TSK_STACKSIZE
00000400   __STACK_SIZE
00000400   HST_DSMMEMSIZE
00000408   RTDX_BUFMEMSIZE
00000490   GBL_A_VERSION
00001d40   _pll_init
00002226   GBL_L2ALLOC
00002384   _pll
00002c80   _flash_error
00002d38   _init
000030dc   _io
000035a0   _main
0000362c   _DSK6713_init
00003948   _DSK6713_rget
0000395c   _DSK6713_rset
00003970   _DSK6713_wait
000039c8   _DSK6713_waitusec
000039f4   _DSK6713_getVersion
00003a60   _cos
00004000   PRD_SCALAR
00004000   CLK_INTBIT
0000418c   _DSK6713_EDMA_AIC23_init
00004240   _sin
000045e0   __frcdivd
00004bc0   _CACHE_setL2Mode
00004e80   _CACHE_flush
00005120   _dsp_init
00005244   _dsp_process
000053a0   _EDMA_open
00005620   __divd
000058a0   _AIC23_setParams
00005ae0   _memcpy
00005d20   _CACHE_wait
00005f60   __CSL_init
00006180   _DIO_cbCallback
000061f0   _DIO_cbIdle
000061fc   _DIO_cbIssue
000062d4   _DIO_cbReady
000062f4   _DIO_cbReclaim
00006380   _wait500nS
000063a8   _GBL_setPLLto225MHz
000063a8   GBL_USERINITFXN
00006560   _IRQ_map
000068e0   _MCBSP_reset
00006a80   _EDMA_allocTable
00006c20   _SIN_init
00006dc0   _CACHE_clean
00006f40   __divf
000070c0   _EDMA_reset
00007200   _TIMER_open
00007340   _TIMER_reset
00007460   _EDMA_allocTableEx
00007580   _C6X1X_EDMA_MCBSP_init
000076a0   __frcdivf
000077a0   _EDMA_intAlloc
000078a0   _MCBSP_open
000079a0   _CACHE_wbInvL1d
00007aa0   _MCBSP_start
00007ba0   __round
00007c80   _EDMA_config
00007d60   _modf
00007e40   _EDMA_intDispatcher
00007f20   __strasg
00008000   _atexit
00008000   IRAM$L
00008000   _IRAM_length
000080e0   _EDMA_freeTableEx
000081a0   __fixdi
00008260   _EDMA_close
00008300   __fixfi
000083a0   __IRQ_init
000084e0   _MCBSP_config
00008580   _MCBSP_close
00008620   _EDMA_freeTable
000086a0   _EDMA_intEnable
00008700   __fltif
00008760   _EDMA_disableChannel
000087c0   _EDMA_enableChannel
00008820   _EDMA_intHook
00008880   _EDMA_intDisable
000088e0   _TIMER_configArgs
00008940   _floor
000089a0   _DIO_ctrl
000089ec   _DIO_init
00008a00   _EDMA_qdmaConfig
00008a60   __trunc
00008aa0   _IRQ_enable
00008ae0   _TIMER_start
00008b20   _EDMA_link
00008b60   _EDMA_intFree
00008ba0   __cvtfd
00008bc0   __mpyd
00008be0   __mpyf
00008c00   __negd
00008c20   __addf
00008c40   _IOM_mdNotImpl
00008c60   __subd
00008c80   __register_lock
00008ca0   __addd
00008cc0   __cvtdf
00008ce0   __nop
00008d00   __register_unlock
00008d20   _IRQ_globalRestore
00008d40   _EDMA_intDefaultHandler
00008d60   __IRQ_hookFetchPacket
00008d80   _MCBSP_getRcvAddr
00008da0   _MCBSP_getXmtAddr
00008dc0   _IRQ_globalDisable
00008de0   _MCBSP_xrdy
00008e00   _MCBSP_xempty
00008e20   __cmpd
00008e40   _CSL_cfgInit
00008e60   _MCBSP_write
00008e80   _EDMA_intClear
00008ea0   IRAM$B
00008ea0   etext
00008ea0   ___etext__
00008ea0   _IRAM_base
0000dbba   _CLK_COUNTSPMS
0000dbba   _CLK_PRD
0000dbba   CLK_COUNTSPMS
0000dbba   CLK_PRD
0000dbef   GBL_TRCMASKVALUE
00010ea0   SWI_F_enable
00010ea0   __SWI_lat3beg
00010f28   __SWI_lat3end
00010f2c   SWI_F_post
00011034   __SWI_lat1beg
000110c0   __SWI_lat1end1
000110c4   SWI_F_exec
0001113c   SWI_EXECFXN
0001113c   SWI_F_iexec
0001117c   __SWI_lat1end2
00011220   __SWI_lat2beg
0001130c   __SWI_lat2end2
00011310   SWI_F_run
00011310   SWI_RUNFXN
00011580   LNK_F_checkBufferCall
000115a0   LNK_F_getChanPtr
000115ec   LNK_F_init
000115f4   LNK_F_dataPump
00011600   LNK_rcloop
000116b0   LNK_rdrtry
000116b8   LNK_rrloop
00011770   LNK_wrrtry
00011778   LNK_wrloop
00011848   LNK_newin
00011958   LNK_newout
00011a98   LNK_F_readCallBack
00011ac0   _SIO_create
00011f20   CLK_HOOKFXN
00011f20   HWI_F_dispatch
00011f20   _HWI_F_dispatch
00011f20   __HWI_lat1beg
000120cc   __HWI_lat1end
000120cc   __HWI_lat2beg
000121e8   __HWI_lat2end2
00012220   __HWI_lat3end2
0001225c   __HWI_lat2end1
000122a4   __HWI_lat3beg
0001234c   __HWI_lat3end1
00012360   _SIO_delete
000126c0   PRD_F_swi
0001291c   PRD_F_tick
000129e0   _KNL_run
00012c80   _SEM_pendEnterKnl
00012f20   RTA_F_getlog
00012f64   RTA_F_getsts
00012fac   RTA_F_readblk
00012fcc   RTA_F_writeword
00012fd8   __RTA_lat1beg
00012fd8   RTA_F_resetmem
00013010   __RTA_lat1end
00013018   RTA_F_dispatch
00013058   RTA_execute
000131a0   _MEM_alloc
00013420   _C62_plug
0001342c   _C62_dispatchPlug
000138b8   _KNL_tick
000138b8   PRD_THOOKFXN
000138e0   _MEM_free
00013b20   PIP_F_take
00013bb4   PIP_F_probe
00013bb4   PIP_F_give
00013c88   PIP_F_start
00013d40   CLK_F_getfhtime
00013d60   CLK_F_getshtime
00013d60   CLK_TIMEFXN
00013d60   CLK_F_gethtime
00013dd4   CLK_F_getltime
00013de0   CLK_F_isr
00013f1c   CLK_F_itime
00013f1c   _CLK_itime
00013f1c   _CLK_F_itime
00013f30   __CLK_lat1beg
00013f5c   __CLK_lat1end
00013f60   __SEM_dopost
00014160   _TSK_setup
00014360   _TSK_exit
00014540   _KNL_saveIsrFrame
0001460c   _KNL_switch
000146c0   KNL_glue
00014700   __auto_init
000148a0   _DEV_init
00014a00   _DEV_match
00014b54   _TSK_startup
00014c40   _DEV_mkframe
00014d60   IDL_F_calibrate
00014e60   _KNL_enter
00014ef0   _KNL_exit
00014f60   _GBL_cslCacheInit
00015060   _SIO_issue
00015160   _OBJ_delete
00015260   _SIO_reclaim
00015360   _KNL_check
00015394   __KNL_lat1beg
00015410   __KNL_lat1end
00015410   _KNL_idle
0001542c   _KNL_max
00015460   _OBJ_create
00015540   _SEM_postEnterKnl
00015620   _SEM_post
00015700   _KNL_post
000157c0   _MEM_init
00015880   _MEM_valloc
00015940   _LCK_post
0001598c   _LCK_pend
00015a00   _SYS_exit
00015ac0   _KNL_ipost
00015b60   _ATM_andu
00015b60   _ATM_andi
00015b80   _ATM_clearu
00015b80   _ATM_cleari
00015b98   _ATM_decu
00015b98   _ATM_deci
00015bb4   _ATM_inci
00015bb4   _ATM_incu
00015bd0   _ATM_oru
00015bd0   _ATM_ori
00015bec   _ATM_setu
00015bec   _ATM_seti
00015c00   _CLK_start6x
00015c00   _CLK_start
00015ca0   _HWI_dispatchPlug
00015d20   _SWI_andnHook
00015d20   _SWI_andn
00015da0   _LOG_event
00015da0   LOG_F_event
00015da0   __LOG_lat1beg
00015de4   __LOG_lat1end1
00015e10   __LOG_lat1end2
00015e20   _GBL_cslInit
00015ea0   __IDL_lat1beg
00015ea0   IDL_F_busy
00015ef0   __IDL_lat1end
00015f20   _DEV_rmframe
00015fa0   FXN_F_nop
00015fa8   FXN_F_run
00015fa8   _FXN_F_run
00015ff8   FXN_F_zero
00015ff8   _FXN_F_zero
00016020   _QUE_create
00016080   _SYS_error
000160e0   _QUE_get
000160e0   __QUE_lat1beg
00016100   __QUE_lat1end
00016108   __QUE_lat2beg
00016108   _QUE_put
00016120   __QUE_lat2end
00016140   _TSK_init
000161a0   _SYS_abort
00016200   _STS_delta
00016200   STS_F_delta
00016210   _STS_add
00016210   STS_F_add
0001623c   STS_F_reset
0001623c   _STS_reset
00016260   _TRC_disable
00016280   _TRC_enable
0001629c   _TRC_query
000162c0   _HWI_disable
000162d8   _HWI_enable
000162ec   _HWI_restore
00016320   SYS_PUTCFXN
00016320   _UTL_doPutc
00016380   SYS_ABORTFXN
00016380   _UTL_doAbort
000163e0   _SEM_pend
00016440   IDL_F_stub
00016440   IDL_CALIBRFXN
00016480   RTA_F_andn
000164a0   RTA_F_or
000164c0   _SWI_post
00016500   GIO_PENDFXN
00016500   GIO_POSTFXN
00016500   GIO_CREATEFXN
00016500   _FXN_F_nop
00016500   TSK_VDELETEFXN
00016500   TSK_VEXITFXN
00016500   TSK_VCREATEFXN
00016500   GIO_DELETEFXN
00016520   GBL_F_version
00016540   _UTL_doError
00016540   SYS_ERRORFXN
00016560   SYS_EXITFXN
00016560   _UTL_halt
00016580   _SYS_one
0001658c   _SYS_zero
000165a0   _STS_set
000165c0   _LOG_printf
000165e0   _IDL_loop
000165e0   IDL_F_loop
00016600   _OBJ_init
00016620   _sin_table
00016e20   _cos_table
00017620   _aic23param
00017fd4   _C6X1X_EDMA_MCBSP_FXNS
00017ff6   _DSK6713_version
00018020   __IRQ_eventTable
000180a4   __IRQ_intTable
000180e4   __IRQ_dispatchTable
00018170   __cleanup_ptr
00018174   __dtors_ptr
00018180   _DSK6713_EDMA_AIC23_DEVPARAMS
000181bc   _DSK6713_EDMA_AIC23_FXNS
00018208   _tccAllocTable
00018338   __MCBSP_hDev0
0001833c   __MCBSP_hDev1
00018368   __TIMER_deviceTable
00018380   __TIMER_hDev0
00018384   __TIMER_hDev1
00018388   __TIMER_hBios
000183b8   __lock
000183bc   __unlock
000183c8   cinit
000183c8   ___cinit__
0001961c   ___c_args__
00019640   _RTDX_Init_RT_Monitor
000196c8   _RTDX_Final_RT_Monitor
000196f0   _RTDX_IsFlowEnabled
00019704   _RTDX_Poll
00019bb8   _RTDX_Mon_Queue
00019d20   _RTDX_Buffer_Initialize
0001a020   _RTDX_Buffer_Write
0001a248   _RTDX_Buffer_Read
0001a2a0   _RTDX_Mask_IER
0001a2b8   _RTDX_Set_IER
0001a2e0   ___bss__
0001a2e0   $bss
0001a2e0   .bss
0001a2e0   IDL_D_tabbeg
0001a2e4   IDL_D_calibrate
0001a2e8   IDL_D_calbeg
0001a2ec   _LOG_D_system
0001a2ec   LOG_D_system
0001a2f0   PIP_D_tabbeg
0001a2f4   PIP_D_tablen
0001a2f8   CLK_R_time
0001a2fc   CLK_D_timefxn
0001a300   CLK_D_tabbeg
0001a304   CLK_D_isrhook
0001a308   CLK_D_idletime
0001a30c   SWI_D_curmask
0001a30c   _SWI_D_curmask
0001a310   SWI_D_curset
0001a314   SWI_D_pending
0001a318   SWI_D_curfxn
0001a318   _SWI_D_curfxn
0001a31c   SWI_D_curmbox
0001a320   SWI_D_lock
0001a320   _SWI_D_lock
0001a324   SWI_D_execaddr
0001a328   SWI_D_runaddr
0001a32c   SWI_D_rdybeg
0001a32c   _SWI_D_rdybeg
0001a330   SWI_D_ihook
0001a334   SWI_D_ehook
0001a338   SWI_D_rdytab
0001a3b0   _PRD_D_tick
0001a3b0   PRD_D_tick
0001a3b4   PRD_D_cur
0001a3b8   PRD_D_elapsed
0001a3bc   PRD_D_prevtim
0001a3c0   PRD_D_scalar
0001a3c4   PRD_D_swihandle
0001a3c8   PRD_D_tabbeg
0001a3cc   PRD_D_tablen
0001a3d0   PRD_D_thook
0001a3d4   RTA_D_fromHost
0001a3d8   RTA_D_toHost
0001a3dc   RTA_D_logval
0001a3ec   RTA_D_stsval
0001a3f8   HST_D_chanmask
0001a3fc   _MEM_D_NUMSEGMENTS
0001a400   _MEM_D_memtab
0001a404   _MEM_D_freelist
0001a408   _MEM_D_lockaddr
0001a40c   _MEM_D_unlockaddr
0001a410   _SYS
0001a414   _HWI_dispatchTab
0001a514   _KNL_queues
0001a5b4   _KNL_dummy
0001a5ec   _KNL_swiptr
0001a5f0   _KNL_idlefxn
0001a5f4   _MEM_memtab
0001a60c   __HOOK_knlId
0001a610   MEM_SEGZERO
0001a610   TSK_STACKSEG
0001a610   _IRAM
0001a610   IRAM
0001a610   MEM_MALLOCSEG
0001a610   RTDX_DATAMEMSEG
0001a610   HST_DSMBUFSEG
0001a614   _SDRAM
0001a614   SDRAM
0001a618   RTA_fromHost$pipe$dtab
0001a624   RTA_toHost$pipe$dtab
0001a630   _OBJ_table
0001a688   _TSK
0001a68c   _DEV_devinit
0001a694   _DEV_D_devinit
0001a698   __DEV_NUMINITFXNS
0001a69c   __DEV_D_NUMINITFXNS
0001a6a0   __HOOK_NUMHOOKS
0001a6a4   _KNL_wFlag
0001a6a8   _KNL_wList
0001a6ac   _KNL_alarm
0001a6b0   _KNL_setpri
0001a6b4   _KNL_inactive
0001a6b8   _KNL_priority
0001a6bc   _KNL_set
0001a6c0   _KNL_curtask
0001a6c4   _KNL_prevtask
0001a6c8   _KNL_curtime
0001a6cc   _KNL_curqueue
0001a6d0   _KNL_maxqueue
0001a6d4   _KNL_tswitchfxn
0001a6d8   _KNL_tcreatefxn
0001a6dc   _KNL_tdeletefxn
0001a6e0   _KNL_treadyfxn
0001a6e4   _TSK_ATTRS
0001a700   _TSK_timerSem
0001a71c   __TSK_mutex
0001a740   _SYS_exitStack
0001a760   _OBJ_segtab
0001a77c   _DIO_cbDynamicFxns
0001a798   _SIO_ATTRS
0001a7b4   LNK_dspFrameRequestMask
0001a7b8   LNK_dspFrameReadyMask
0001a7bc   LNK_readPend
0001a7c0   LNK_readDone
0001a7c4   LNK_readFail
0001a7c8   LNK_writeFail
0001a7dc   _HWI_ATTRS
0001a7e8   _inStream
0001a7ec   _outStream
0001a7f4   _pll1
0001a7f8   _plld
0001a7fc   _pllh
0001a800   _GBL_irqEventTable
0001a804   _GBL_irqIntTable
0001a810   _TSK_nTasks
0001a814   _TSK_pid
0001a818   HWI_D_ccmask
0001a81c   _HWI_D_spsave
0001a820   _SYS_exitStackPtr
0001a824   _SYS_exitStackTop
0001a828   _GBL_cslTimerHandle
0001a82c   _MEM
0001a830   _QUE_ATTRS
0001a834   IDL_D_busyObj
0001a838   ___end__
0001a838   end
0001a838   _RTDX_Buffer
0001ac40   _RTDX_Buffer_Start
0001ac44   _RTDX_Buffer_End
0001ac48   _rtdx_buffer_state
0001ac54   _RTDX_writing
0001ac68   _rtdx_mon_state
0001ac88   _HWI_STKTOP
0001ac88   __stack
0001ac88   GBL_stackbeg
0001b080   _HWI_STKBOTTOM
0001b087   GBL_stackend
0001b088   TSK_idle$stack
0001b420   TSK_idle$stkptr
0001b488   LOG_system
0001b488   _LOG_A_TABBEG
0001b488   LOG_A_TABBEG
0001b488   _LOG_system
0001b4a0   BIOS_init
0001b4a0   LOG_A_TABEND
0001b4a0   _LOG_A_TABEND
0001b4a0   _BIOS_init
0001b62c   BIOS$$CLKON
0001b65c   BIOS$$CLKOFF
0001b6d4   BIOS_start
0001b6d4   _BIOS_start
0001b780   _c_int00
0001bb35   _SYS_PUTCBEG
0001bd34   _SYS_PUTCEND
0001bd38   RTA_toHost$buf
0001be38   _PIP_A_TABBEG
0001be38   RTA_fromHost$pipe
0001be38   PIP_A_TABBEG
0001be3c   RTA_fromHost$pipe$rd
0001be68   RTA_fromHost$pipe$aaa
0001be6c   RTA_fromHost$pipe$wr
0001be98   RTA_fromHost$pipe$bbb
0001be9c   RTA_toHost$pipe
0001bea0   RTA_toHost$pipe$rd
0001becc   RTA_toHost$pipe$aaa
0001bed0   RTA_toHost$pipe$wr
0001befc   RTA_toHost$pipe$bbb
0001bf00   _PIP_A_TABEND
0001bf00   LOG_system$buf
0001bf00   PIP_A_TABEND
0001c00c   TSK_idle
0001c00c   _TSK_idle
0001c060   _KNL_swi
0001c060   SWI_A_TABBEG
0001c060   KNL_swi
0001c08c   _swiEcho
0001c08c   swiEcho
0001c0b8   SWI_A_TABEND
0001c0b8   UDEV_udevCodec$obj
0001c0c4   UDEV_udevCodec$device
0001c0dc   DIO_dioCodec$obj
0001c0e8   DIO_dioCodec$device
0001c100   STS_A_TABBEG
0001c100   KNL_swi$sts$stsobj
0001c100   _STS_A_TABBEG
0001c104   KNL_swi$sts
0001c110   swiEcho$sts$stsobj
0001c114   swiEcho$sts
0001c120   TSK_idle$sts$stsobj
0001c124   TSK_idle$sts
0001c130   IDL_busyObj$stsobj
0001c134   IDL_busyObj
0001c134   _IDL_busyObj
0001c140   STS_A_TABEND
0001c140   _STS_A_TABEND
0001c140   HST_A_TABBEG
0001c140   _HST_A_TABBEG
0001c144   _RTA_fromHost
0001c144   RTA_fromHost
0001c14c   RTA_fromHost$rtdx
0001c158   _RTA_toHost
0001c158   RTA_toHost
0001c160   RTA_toHost$rtdx
0001c16c   _HST_A_TABEND
0001c16c   HST_A_TABEND
0001c1bc   IDL_A_TABBEG
0001c1bc   LNK_dataPump
0001c1bc   _LNK_dataPump
0001c1c0   _RTA_dispatcher
0001c1c0   RTA_dispatcher
0001c1c4   _IDL_cpuLoad
0001c1c4   IDL_cpuLoad
0001c1c8   IDL_END
0001c1cc   IDL_A_TABEND
0001c1cc   LNK_dataPump$
0001c1cc   IDL_A_CALBEG
0001c1d0   RTA_dispatcher$
0001c1d4   IDL_cpuLoad$
0001c1d8   IDL_END$
0001c1dc   RTA_fromHost$buf
0001c1dc   IDL_A_CALEND
0001c1ec   SYS$config
0001c1fc   TRC_cinit
0001c200   _TRC_R_mask
0001c200   TRC_R_mask
0001c204   GBL_initdone
0001c208   ___pinit__
0001c208   pinit
0001c214   CLK_A_TABBEG
0001c214   PRD_clock
0001c214   _PRD_clock
0001c218   CLK_null
0001c21c   CLK_A_TABEND
00800000   SDRAM$L
00800000   _SDRAM_length
01940000   CLK_REGS
01940000   _CLK_REGS
082039a3   HWI_INTRMULTHIGH
310718a4   HWI_INTRMULTLOW
80000000   _SDRAM_base
80000000   SDRAM$B
ffffffff   ___binit__
ffffffff   binit
ffffffff   _CACHE_L2
ffffffff   CACHE_L2

[757 symbols]
